Script ran at Wed Aug 06 2025 14:56:07 GMT+0330 (Iran Standard Time)